  Γû▓ Next.js 14.2.21

   Creating an optimized production build ...
 Γ£ô Compiled successfully
   Linting and checking validity of types ...
   Collecting page data ...
node.exe : Error: 
supabaseUrl is 
required.
At line:1 char:1
+ & "C:\Program 
Files\nodejs/node.exe" 
"C:\Program 
Files\nodejs/node_mo 
...
+ ~~~~~~~~~~~~~~~~~~~~~
~~~~~~~~~~~~~~~~~~~~~~~
~~~~~~~~~~~~~~~~~~~~~~~
~~
    + CategoryInfo     
         : NotSpecifi  
  ed: (Error: supaba   
 seUrl is required.    
:String) [], Remot    
eException
    + FullyQualifiedEr 
   rorId : NativeComm  
  andError
 
    at C:\Users\Pratik\
Documents\VSCode\quote 
generator\.next\server\
app\api\generate-pdf\ro
ute.js:37:48129
    at new ry (C:\Users
\Pratik\Documents\VSCod
e\quote generator\.next
\server\app\api\generat
e-pdf\route.js:37:48380
)
    at r_ (C:\Users\Pra
tik\Documents\VSCode\qu
ote generator\.next\ser
ver\app\api\generate-pd
f\route.js:37:52120)
    at 4006 (C:\Users\P
ratik\Documents\VSCode\
quote generator\.next\s
erver\app\api\generate-
pdf\route.js:37:52977)
    at t (C:\Users\Prat
ik\Documents\VSCode\quo
te generator\.next\serv
er\webpack-runtime.js:1
:127)
    at r (C:\Users\Prat
ik\Documents\VSCode\quo
te generator\.next\serv
er\app\api\generate-pdf
\route.js:455:15440)
    at C:\Users\Pratik\
Documents\VSCode\quote 
generator\.next\server\
app\api\generate-pdf\ro
ute.js:455:15467
    at t.X (C:\Users\Pr
atik\Documents\VSCode\q
uote generator\.next\se
rver\webpack-runtime.js
:1:1191)
    at C:\Users\Pratik\
Documents\VSCode\quote 
generator\.next\server\
app\api\generate-pdf\ro
ute.js:455:15453
    at 
Object.<anonymous> (C:\
Users\Pratik\Documents\
VSCode\quote generator\
.next\server\app\api\ge
nerate-pdf\route.js:455
:15494)

> Build error occurred
Error: Failed to 
collect page data for 
/api/generate-pdf
    at C:\Users\Pratik\
Documents\VSCode\quote 
generator\node_modules\
next\dist\build\utils.j
s:1268:15
    at process.processT
icksAndRejections (node
:internal/process/task_
queues:105:5) {
  type: 'Error'
}
